// Jest Snapshot v1, https://goo.gl/fbAQLP

exports[`Button组件相关 Button渲染样式正常 1`] = `"<div className=\\"biz_dev_dialog\\" onClick={[undefined]} />"`;
